// Jest Snapshot v1, https://goo.gl/fbAQLP

exports[`UserControls matches a snapshot 1`] = `
<Fragment>
  <form>
    <input
      onChange={[Function]}
      placeholder="Username"
      type="text"
      value="DannieSchu"
    />
    <button>
      Get Profile
    </button>
  </form>
</Fragment>
`;
